------------------------------------------------------------
Timing Analyzer Summary
------------------------------------------------------------

Type  : Slow 1200mV 85C Model Setup 'clk50'
Slack : 5.624
TNS   : 0.000

Type  : Slow 1200mV 85C Model Setup 'clk'
Slack : 12.994
TNS   : 0.000

Type  : Slow 1200mV 85C Model Hold 'clk50'
Slack : 0.327
TNS   : 0.000

Type  : Slow 1200mV 85C Model Hold 'clk'
Slack : 0.452
TNS   : 0.000

Type  : Slow 1200mV 85C Model Recovery 'clk50'
Slack : 16.406
TNS   : 0.000

Type  : Slow 1200mV 85C Model Recovery 'clk'
Slack : 17.771
TNS   : 0.000

Type  : Slow 1200mV 85C Model Removal 'clk'
Slack : 1.396
TNS   : 0.000

Type  : Slow 1200mV 85C Model Removal 'clk50'
Slack : 2.304
TNS   : 0.000

Type  : Slow 1200mV 85C Model Minimum Pulse Width 'clk50'
Slack : 9.593
TNS   : 0.000

Type  : Slow 1200mV 85C Model Minimum Pulse Width 'clk'
Slack : 9.728
TNS   : 0.000

Type  : Slow 1200mV 85C Model Minimum Pulse Width 'clk1'
Slack : 995.519
TNS   : 0.000

Type  : Slow 1200mV 0C Model Setup 'clk50'
Slack : 6.713
TNS   : 0.000

Type  : Slow 1200mV 0C Model Setup 'clk'
Slack : 13.472
TNS   : 0.000

Type  : Slow 1200mV 0C Model Hold 'clk50'
Slack : 0.313
TNS   : 0.000

Type  : Slow 1200mV 0C Model Hold 'clk'
Slack : 0.401
TNS   : 0.000

Type  : Slow 1200mV 0C Model Recovery 'clk50'
Slack : 16.466
TNS   : 0.000

Type  : Slow 1200mV 0C Model Recovery 'clk'
Slack : 17.924
TNS   : 0.000

Type  : Slow 1200mV 0C Model Removal 'clk'
Slack : 1.254
TNS   : 0.000

Type  : Slow 1200mV 0C Model Removal 'clk50'
Slack : 2.149
TNS   : 0.000

Type  : Slow 1200mV 0C Model Minimum Pulse Width 'clk50'
Slack : 9.594
TNS   : 0.000

Type  : Slow 1200mV 0C Model Minimum Pulse Width 'clk'
Slack : 9.735
TNS   : 0.000

Type  : Slow 1200mV 0C Model Minimum Pulse Width 'clk1'
Slack : 995.519
TNS   : 0.000

Type  : Fast 1200mV 0C Model Setup 'clk50'
Slack : 13.733
TNS   : 0.000

Type  : Fast 1200mV 0C Model Setup 'clk'
Slack : 17.055
TNS   : 0.000

Type  : Fast 1200mV 0C Model Hold 'clk50'
Slack : 0.097
TNS   : 0.000

Type  : Fast 1200mV 0C Model Hold 'clk'
Slack : 0.186
TNS   : 0.000

Type  : Fast 1200mV 0C Model Recovery 'clk50'
Slack : 18.454
TNS   : 0.000

Type  : Fast 1200mV 0C Model Recovery 'clk'
Slack : 18.986
TNS   : 0.000

Type  : Fast 1200mV 0C Model Removal 'clk'
Slack : 0.575
TNS   : 0.000

Type  : Fast 1200mV 0C Model Removal 'clk50'
Slack : 0.891
TNS   : 0.000

Type  : Fast 1200mV 0C Model Minimum Pulse Width 'clk50'
Slack : 9.198
TNS   : 0.000

Type  : Fast 1200mV 0C Model Minimum Pulse Width 'clk'
Slack : 9.221
TNS   : 0.000

Type  : Fast 1200mV 0C Model Minimum Pulse Width 'clk1'
Slack : 996.000
TNS   : 0.000

------------------------------------------------------------
